// Jest Snapshot v1, https://goo.gl/fbAQLP

exports[`Routes router definition should match snapshot 1`] = `
Array [
  Object {
    "enabled": [Function],
    "getElement": [Function],
    "nestedPaths": Array [],
    "path": "/",
    "staticTitle": "Trade crypto and NFTs on Uniswap",
  },
  Object {
    "enabled": [Function],
    "getElement": [Function],
    "nestedPaths": Array [
      ":tab",
      ":chainName",
    ],
    "path": "/explore",
    "staticTitle": "Explore Tokens on Uniswap",
  },
  Object {
    "enabled": [Function],
    "getElement": [Function],
    "nestedPaths": Array [
      ":tab/:chainName",
    ],
    "path": "/explore",
    "staticTitle": "Explore Tokens on Uniswap",
  },
  Object {
    "enabled": [Function],
    "getElement": [Function],
    "nestedPaths": Array [],
    "path": "/explore/tokens/:chainName/:tokenAddress",
    "staticTitle": "Buy & Sell on Uniswap",
  },
  Object {
    "enabled": [Function],
    "getElement": [Function],
    "nestedPaths": Array [],
    "path": "/tokens",
    "staticTitle": "Explore Tokens on Uniswap",
  },
  Object {
    "enabled": [Function],
    "getElement": [Function],
    "nestedPaths": Array [],
    "path": "/tokens/:chainName",
    "staticTitle": "Explore Tokens on Uniswap",
  },
  Object {
    "enabled": [Function],
    "getElement": [Function],
    "nestedPaths": Array [],
    "path": "/tokens/:chainName/:tokenAddress",
    "staticTitle": "Explore Tokens on Uniswap",
  },
  Object {
    "enabled": [Function],
    "getElement": [Function],
    "nestedPaths": Array [],
    "path": "/explore/pools/:chainName/:poolAddress",
    "staticTitle": "Explore Pools on Uniswap",
  },
  Object {
    "enabled": [Function],
    "getElement": [Function],
    "nestedPaths": Array [],
    "path": "/vote/*",
    "staticTitle": "Vote on Uniswap",
  },
  Object {
    "enabled": [Function],
    "getElement": [Function],
    "nestedPaths": Array [],
    "path": "/create-proposal",
    "staticTitle": "Uniswap Governance Proposals",
  },
  Object {
    "enabled": [Function],
    "getElement": [Function],
    "nestedPaths": Array [],
    "path": "/send",
    "staticTitle": "Uniswap Interface",
  },
  Object {
    "enabled": [Function],
    "getElement": [Function],
    "nestedPaths": Array [],
    "path": "/swap",
    "staticTitle": "Trade crypto and NFTs on Uniswap",
  },
  Object {
    "enabled": [Function],
    "getElement": [Function],
    "nestedPaths": Array [],
    "path": "/pool/v2/find",
    "staticTitle": "Explore Pools on Uniswap",
  },
  Object {
    "enabled": [Function],
    "getElement": [Function],
    "nestedPaths": Array [],
    "path": "/pool/v2",
    "staticTitle": "Explore Pools on Uniswap",
  },
  Object {
    "enabled": [Function],
    "getElement": [Function],
    "nestedPaths": Array [],
    "path": "/pool",
    "staticTitle": "Uniswap Interface",
  },
  Object {
    "enabled": [Function],
    "getElement": [Function],
    "nestedPaths": Array [],
    "path": "/pool/:tokenId",
    "staticTitle": "Manage Positions on Uniswap",
  },
  Object {
    "enabled": [Function],
    "getElement": [Function],
    "nestedPaths": Array [],
    "path": "/pools/v2/find",
    "staticTitle": "Explore Pools on Uniswap",
  },
  Object {
    "enabled": [Function],
    "getElement": [Function],
    "nestedPaths": Array [],
    "path": "/pools/v2",
    "staticTitle": "Explore Pools on Uniswap",
  },
  Object {
    "enabled": [Function],
    "getElement": [Function],
    "nestedPaths": Array [],
    "path": "/pools",
    "staticTitle": "Explore Pools on Uniswap",
  },
  Object {
    "enabled": [Function],
    "getElement": [Function],
    "nestedPaths": Array [],
    "path": "/pools/:tokenId",
    "staticTitle": "Explore Pools on Uniswap",
  },
  Object {
    "enabled": [Function],
    "getElement": [Function],
    "nestedPaths": Array [
      ":currencyIdA",
      ":currencyIdA/:currencyIdB",
    ],
    "path": "/add/v2",
    "staticTitle": "Add Liquidity on Uniswap",
  },
  Object {
    "enabled": [Function],
    "getElement": [Function],
    "nestedPaths": Array [
      ":currencyIdA",
      ":currencyIdA/:currencyIdB",
      ":currencyIdA/:currencyIdB/:feeAmount",
      ":currencyIdA/:currencyIdB/:feeAmount/:tokenId",
    ],
    "path": "/add",
    "staticTitle": "Add Liquidity on Uniswap",
  },
  Object {
    "enabled": [Function],
    "getElement": [Function],
    "nestedPaths": Array [],
    "path": "/remove/v2/:currencyIdA/:currencyIdB",
    "staticTitle": "Manage Liquidity on Uniswap",
  },
  Object {
    "enabled": [Function],
    "getElement": [Function],
    "nestedPaths": Array [],
    "path": "/remove/:tokenId",
    "staticTitle": "Manage Liquidity on Uniswap",
  },
  Object {
    "enabled": [Function],
    "getElement": [Function],
    "nestedPaths": Array [],
    "path": "/migrate/v2",
    "staticTitle": "Manage Liquidity on Uniswap",
  },
  Object {
    "enabled": [Function],
    "getElement": [Function],
    "nestedPaths": Array [],
    "path": "/migrate/v2/:address",
    "staticTitle": "Manage Liquidity on Uniswap",
  },
  Object {
    "enabled": [Function],
    "getElement": [Function],
    "nestedPaths": Array [],
    "path": "/nfts",
    "staticTitle": "Explore NFTs on Uniswap",
  },
  Object {
    "enabled": [Function],
    "getElement": [Function],
    "nestedPaths": Array [],
    "path": "/nfts/asset/:contractAddress/:tokenId",
    "staticTitle": "Explore NFTs on Uniswap",
  },
  Object {
    "enabled": [Function],
    "getElement": [Function],
    "nestedPaths": Array [],
    "path": "/nfts/profile",
    "staticTitle": "Explore NFTs on Uniswap",
  },
  Object {
    "enabled": [Function],
    "getElement": [Function],
    "nestedPaths": Array [],
    "path": "/nfts/collection/:contractAddress",
    "staticTitle": "Explore NFTs on Uniswap",
  },
  Object {
    "enabled": [Function],
    "getElement": [Function],
    "nestedPaths": Array [],
    "path": "/nfts/collection/:contractAddress/activity",
    "staticTitle": "Explore NFTs on Uniswap",
  },
  Object {
    "enabled": [Function],
    "getElement": [Function],
    "nestedPaths": Array [],
    "path": "*",
    "staticTitle": "Uniswap Interface",
  },
  Object {
    "enabled": [Function],
    "getElement": [Function],
    "nestedPaths": Array [],
    "path": "/not-found",
    "staticTitle": "Uniswap Interface",
  },
]
`;
